// Jest Snapshot v1, https://goo.gl/fbAQLP

exports[`Should render Dashboard correctly 1`] = `ShallowWrapper {}`;
