// Jest Snapshot v1, https://goo.gl/fbAQLP

exports[`Should render Edit page correctly 1`] = `ShallowWrapper {}`;
