// Jest Snapshot v1, https://goo.gl/fbAQLP

exports[`should render Coffee form correctly 1`] = `ShallowWrapper {}`;
