// Jest Snapshot v1, https://goo.gl/fbAQLP

exports[`Should render instant coffee component correctly 1`] = `ShallowWrapper {}`;
